// Jest Snapshot v1, https://goo.gl/fbAQLP

exports[`should show correctly 1`] = `
<div>
  <h1>
    HomeScreen
  </h1>
  <hr />
  <pre>
    {
   "name": "x",
   "email": "x@x.com"
}
  </pre>
</div>
`;
