// Jest Snapshot v1, https://goo.gl/fbAQLP

exports[`should show Hola Mundo 1`] = `
<div>
  <h1>
    Hola Mundo
  </h1>
</div>
`;
